// Jest Snapshot v1, https://goo.gl/fbAQLP

exports[`Client tests - NavigationBar test suite it should match the snapshot 1`] = `
Object {
  "asFragment": [Function],
  "baseElement": <body>
    <div>
      <div
        class="side-nav"
      >
        <div
          class="menuBtnDiv"
        >
          <button
            class="menuBtn"
          >
            <svg
              aria-hidden="true"
              class="MuiSvgIcon-root MuiSvgIcon-fontSizeMedium arrowIcon css-i4bv87-MuiSvgIcon-root"
              data-testid="KeyboardDoubleArrowLeftIcon"
              focusable="false"
              viewBox="0 0 24 24"
            >
              <path
                d="M17.59 18 19 16.59 14.42 12 19 7.41 17.59 6l-6 6z"
              />
              <path
                d="m11 18 1.41-1.41L7.83 12l4.58-4.59L11 6l-6 6z"
              />
            </svg>
          </button>
        </div>
        <a
          class="side-item"
          href="/"
        >
          <svg
            aria-hidden="true"
            class="MuiSvgIcon-root MuiSvgIcon-fontSizeMedium css-i4bv87-MuiSvgIcon-root"
            data-testid="HomeIcon"
            focusable="false"
            viewBox="0 0 24 24"
          >
            <path
              d="M10 20v-6h4v6h5v-8h3L12 3 2 12h3v8z"
            />
          </svg>
          <span
            class="linkText"
          >
            Home
          </span>
        </a>
        <a
          class="side-item"
          href="/all-recipes"
        >
          <svg
            aria-hidden="true"
            class="MuiSvgIcon-root MuiSvgIcon-fontSizeMedium css-i4bv87-MuiSvgIcon-root"
            data-testid="TravelExploreIcon"
            focusable="false"
            viewBox="0 0 24 24"
          >
            <path
              d="M19.3 16.9c.4-.7.7-1.5.7-2.4 0-2.5-2-4.5-4.5-4.5S11 12 11 14.5s2 4.5 4.5 4.5c.9 0 1.7-.3 2.4-.7l3.2 3.2 1.4-1.4-3.2-3.2zm-3.8.1c-1.4 0-2.5-1.1-2.5-2.5s1.1-2.5 2.5-2.5 2.5 1.1 2.5 2.5-1.1 2.5-2.5 2.5zM12 20v2C6.48 22 2 17.52 2 12S6.48 2 12 2c4.84 0 8.87 3.44 9.8 8h-2.07c-.64-2.46-2.4-4.47-4.73-5.41V5c0 1.1-.9 2-2 2h-2v2c0 .55-.45 1-1 1H8v2h2v3H9l-4.79-4.79C4.08 10.79 4 11.38 4 12c0 4.41 3.59 8 8 8z"
            />
          </svg>
          <span
            class="linkText"
          >
            All
          </span>
        </a>
        <a
          class="side-item"
          href="/food"
        >
          <svg
            aria-hidden="true"
            class="MuiSvgIcon-root MuiSvgIcon-fontSizeMedium css-i4bv87-MuiSvgIcon-root"
            data-testid="EggSharpIcon"
            focusable="false"
            viewBox="0 0 24 24"
          >
            <path
              d="M12 3C8.5 3 5 9.33 5 14c0 3.87 3.13 7 7 7s7-3.13 7-7c0-4.67-3.5-11-7-11zm1 15c-3 0-5-1.99-5-5v-1h2v1c0 2.92 2.42 3 3 3h1v2h-1z"
            />
          </svg>
          <span
            class="linkText"
          >
            Food
          </span>
        </a>
        <a
          class="side-item"
          href="/drinks"
        >
          <svg
            aria-hidden="true"
            class="MuiSvgIcon-root MuiSvgIcon-fontSizeMedium css-i4bv87-MuiSvgIcon-root"
            data-testid="EmojiFoodBeverageRoundedIcon"
            focusable="false"
            viewBox="0 0 24 24"
          >
            <path
              d="M19 19H3c-.55 0-1 .45-1 1s.45 1 1 1h16c.55 0 1-.45 1-1s-.45-1-1-1zm1-16H9v2.4l1.81 1.45c.12.09.19.24.19.39v4.26c0 .28-.22.5-.5.5h-4c-.28 0-.5-.22-.5-.5V7.24c0-.15.07-.3.19-.39L8 5.4V3H6c-1.1 0-2 .9-2 2v8c0 2.21 1.79 4 4 4h6c2.21 0 4-1.79 4-4v-3h2c1.1 0 2-.9 2-2V5c0-1.1-.9-2-2-2zm0 5h-2V5h2v3z"
            />
          </svg>
          <span
            class="linkText"
          >
            Drink
          </span>
        </a>
        <a
          class="side-item"
          href="/seasonal"
        >
          <svg
            aria-hidden="true"
            class="MuiSvgIcon-root MuiSvgIcon-fontSizeMedium css-i4bv87-MuiSvgIcon-root"
            data-testid="EventIcon"
            focusable="false"
            viewBox="0 0 24 24"
          >
            <path
              d="M17 12h-5v5h5v-5zM16 1v2H8V1H6v2H5c-1.11 0-1.99.9-1.99 2L3 19c0 1.1.89 2 2 2h14c1.1 0 2-.9 2-2V5c0-1.1-.9-2-2-2h-1V1h-2zm3 18H5V8h14v11z"
            />
          </svg>
          <span
            class="linkText"
          >
            Seasonal
          </span>
        </a>
        <a
          class="side-item"
          href="/about"
        >
          <svg
            aria-hidden="true"
            class="MuiSvgIcon-root MuiSvgIcon-fontSizeMedium css-i4bv87-MuiSvgIcon-root"
            data-testid="ExploreIcon"
            focusable="false"
            viewBox="0 0 24 24"
          >
            <path
              d="M12 10.9c-.61 0-1.1.49-1.1 1.1s.49 1.1 1.1 1.1c.61 0 1.1-.49 1.1-1.1s-.49-1.1-1.1-1.1zM12 2C6.48 2 2 6.48 2 12s4.48 10 10 10 10-4.48 10-10S17.52 2 12 2zm2.19 12.19L6 18l3.81-8.19L18 6l-3.81 8.19z"
            />
          </svg>
          <span
            class="linkText"
          >
            About
          </span>
        </a>
      </div>
    </div>
    <div>
      <div
        class="side-nav"
      >
        <div
          class="menuBtnDiv"
        >
          <button
            class="menuBtn"
          >
            <svg
              aria-hidden="true"
              class="MuiSvgIcon-root MuiSvgIcon-fontSizeMedium arrowIcon css-i4bv87-MuiSvgIcon-root"
              data-testid="KeyboardDoubleArrowLeftIcon"
              focusable="false"
              viewBox="0 0 24 24"
            >
              <path
                d="M17.59 18 19 16.59 14.42 12 19 7.41 17.59 6l-6 6z"
              />
              <path
                d="m11 18 1.41-1.41L7.83 12l4.58-4.59L11 6l-6 6z"
              />
            </svg>
          </button>
        </div>
        <a
          class="side-item"
          href="/"
        >
          <svg
            aria-hidden="true"
            class="MuiSvgIcon-root MuiSvgIcon-fontSizeMedium css-i4bv87-MuiSvgIcon-root"
            data-testid="HomeIcon"
            focusable="false"
            viewBox="0 0 24 24"
          >
            <path
              d="M10 20v-6h4v6h5v-8h3L12 3 2 12h3v8z"
            />
          </svg>
          <span
            class="linkText"
          >
            Home
          </span>
        </a>
        <a
          class="side-item"
          href="/all-recipes"
        >
          <svg
            aria-hidden="true"
            class="MuiSvgIcon-root MuiSvgIcon-fontSizeMedium css-i4bv87-MuiSvgIcon-root"
            data-testid="TravelExploreIcon"
            focusable="false"
            viewBox="0 0 24 24"
          >
            <path
              d="M19.3 16.9c.4-.7.7-1.5.7-2.4 0-2.5-2-4.5-4.5-4.5S11 12 11 14.5s2 4.5 4.5 4.5c.9 0 1.7-.3 2.4-.7l3.2 3.2 1.4-1.4-3.2-3.2zm-3.8.1c-1.4 0-2.5-1.1-2.5-2.5s1.1-2.5 2.5-2.5 2.5 1.1 2.5 2.5-1.1 2.5-2.5 2.5zM12 20v2C6.48 22 2 17.52 2 12S6.48 2 12 2c4.84 0 8.87 3.44 9.8 8h-2.07c-.64-2.46-2.4-4.47-4.73-5.41V5c0 1.1-.9 2-2 2h-2v2c0 .55-.45 1-1 1H8v2h2v3H9l-4.79-4.79C4.08 10.79 4 11.38 4 12c0 4.41 3.59 8 8 8z"
            />
          </svg>
          <span
            class="linkText"
          >
            All
          </span>
        </a>
        <a
          class="side-item"
          href="/food"
        >
          <svg
            aria-hidden="true"
            class="MuiSvgIcon-root MuiSvgIcon-fontSizeMedium css-i4bv87-MuiSvgIcon-root"
            data-testid="EggSharpIcon"
            focusable="false"
            viewBox="0 0 24 24"
          >
            <path
              d="M12 3C8.5 3 5 9.33 5 14c0 3.87 3.13 7 7 7s7-3.13 7-7c0-4.67-3.5-11-7-11zm1 15c-3 0-5-1.99-5-5v-1h2v1c0 2.92 2.42 3 3 3h1v2h-1z"
            />
          </svg>
          <span
            class="linkText"
          >
            Food
          </span>
        </a>
        <a
          class="side-item"
          href="/drinks"
        >
          <svg
            aria-hidden="true"
            class="MuiSvgIcon-root MuiSvgIcon-fontSizeMedium css-i4bv87-MuiSvgIcon-root"
            data-testid="EmojiFoodBeverageRoundedIcon"
            focusable="false"
            viewBox="0 0 24 24"
          >
            <path
              d="M19 19H3c-.55 0-1 .45-1 1s.45 1 1 1h16c.55 0 1-.45 1-1s-.45-1-1-1zm1-16H9v2.4l1.81 1.45c.12.09.19.24.19.39v4.26c0 .28-.22.5-.5.5h-4c-.28 0-.5-.22-.5-.5V7.24c0-.15.07-.3.19-.39L8 5.4V3H6c-1.1 0-2 .9-2 2v8c0 2.21 1.79 4 4 4h6c2.21 0 4-1.79 4-4v-3h2c1.1 0 2-.9 2-2V5c0-1.1-.9-2-2-2zm0 5h-2V5h2v3z"
            />
          </svg>
          <span
            class="linkText"
          >
            Drink
          </span>
        </a>
        <a
          class="side-item"
          href="/seasonal"
        >
          <svg
            aria-hidden="true"
            class="MuiSvgIcon-root MuiSvgIcon-fontSizeMedium css-i4bv87-MuiSvgIcon-root"
            data-testid="EventIcon"
            focusable="false"
            viewBox="0 0 24 24"
          >
            <path
              d="M17 12h-5v5h5v-5zM16 1v2H8V1H6v2H5c-1.11 0-1.99.9-1.99 2L3 19c0 1.1.89 2 2 2h14c1.1 0 2-.9 2-2V5c0-1.1-.9-2-2-2h-1V1h-2zm3 18H5V8h14v11z"
            />
          </svg>
          <span
            class="linkText"
          >
            Seasonal
          </span>
        </a>
        <a
          class="side-item"
          href="/about"
        >
          <svg
            aria-hidden="true"
            class="MuiSvgIcon-root MuiSvgIcon-fontSizeMedium css-i4bv87-MuiSvgIcon-root"
            data-testid="ExploreIcon"
            focusable="false"
            viewBox="0 0 24 24"
          >
            <path
              d="M12 10.9c-.61 0-1.1.49-1.1 1.1s.49 1.1 1.1 1.1c.61 0 1.1-.49 1.1-1.1s-.49-1.1-1.1-1.1zM12 2C6.48 2 2 6.48 2 12s4.48 10 10 10 10-4.48 10-10S17.52 2 12 2zm2.19 12.19L6 18l3.81-8.19L18 6l-3.81 8.19z"
            />
          </svg>
          <span
            class="linkText"
          >
            About
          </span>
        </a>
      </div>
    </div>
  </body>,
  "container": <div>
    <div
      class="side-nav"
    >
      <div
        class="menuBtnDiv"
      >
        <button
          class="menuBtn"
        >
          <svg
            aria-hidden="true"
            class="MuiSvgIcon-root MuiSvgIcon-fontSizeMedium arrowIcon css-i4bv87-MuiSvgIcon-root"
            data-testid="KeyboardDoubleArrowLeftIcon"
            focusable="false"
            viewBox="0 0 24 24"
          >
            <path
              d="M17.59 18 19 16.59 14.42 12 19 7.41 17.59 6l-6 6z"
            />
            <path
              d="m11 18 1.41-1.41L7.83 12l4.58-4.59L11 6l-6 6z"
            />
          </svg>
        </button>
      </div>
      <a
        class="side-item"
        href="/"
      >
        <svg
          aria-hidden="true"
          class="MuiSvgIcon-root MuiSvgIcon-fontSizeMedium css-i4bv87-MuiSvgIcon-root"
          data-testid="HomeIcon"
          focusable="false"
          viewBox="0 0 24 24"
        >
          <path
            d="M10 20v-6h4v6h5v-8h3L12 3 2 12h3v8z"
          />
        </svg>
        <span
          class="linkText"
        >
          Home
        </span>
      </a>
      <a
        class="side-item"
        href="/all-recipes"
      >
        <svg
          aria-hidden="true"
          class="MuiSvgIcon-root MuiSvgIcon-fontSizeMedium css-i4bv87-MuiSvgIcon-root"
          data-testid="TravelExploreIcon"
          focusable="false"
          viewBox="0 0 24 24"
        >
          <path
            d="M19.3 16.9c.4-.7.7-1.5.7-2.4 0-2.5-2-4.5-4.5-4.5S11 12 11 14.5s2 4.5 4.5 4.5c.9 0 1.7-.3 2.4-.7l3.2 3.2 1.4-1.4-3.2-3.2zm-3.8.1c-1.4 0-2.5-1.1-2.5-2.5s1.1-2.5 2.5-2.5 2.5 1.1 2.5 2.5-1.1 2.5-2.5 2.5zM12 20v2C6.48 22 2 17.52 2 12S6.48 2 12 2c4.84 0 8.87 3.44 9.8 8h-2.07c-.64-2.46-2.4-4.47-4.73-5.41V5c0 1.1-.9 2-2 2h-2v2c0 .55-.45 1-1 1H8v2h2v3H9l-4.79-4.79C4.08 10.79 4 11.38 4 12c0 4.41 3.59 8 8 8z"
          />
        </svg>
        <span
          class="linkText"
        >
          All
        </span>
      </a>
      <a
        class="side-item"
        href="/food"
      >
        <svg
          aria-hidden="true"
          class="MuiSvgIcon-root MuiSvgIcon-fontSizeMedium css-i4bv87-MuiSvgIcon-root"
          data-testid="EggSharpIcon"
          focusable="false"
          viewBox="0 0 24 24"
        >
          <path
            d="M12 3C8.5 3 5 9.33 5 14c0 3.87 3.13 7 7 7s7-3.13 7-7c0-4.67-3.5-11-7-11zm1 15c-3 0-5-1.99-5-5v-1h2v1c0 2.92 2.42 3 3 3h1v2h-1z"
          />
        </svg>
        <span
          class="linkText"
        >
          Food
        </span>
      </a>
      <a
        class="side-item"
        href="/drinks"
      >
        <svg
          aria-hidden="true"
          class="MuiSvgIcon-root MuiSvgIcon-fontSizeMedium css-i4bv87-MuiSvgIcon-root"
          data-testid="EmojiFoodBeverageRoundedIcon"
          focusable="false"
          viewBox="0 0 24 24"
        >
          <path
            d="M19 19H3c-.55 0-1 .45-1 1s.45 1 1 1h16c.55 0 1-.45 1-1s-.45-1-1-1zm1-16H9v2.4l1.81 1.45c.12.09.19.24.19.39v4.26c0 .28-.22.5-.5.5h-4c-.28 0-.5-.22-.5-.5V7.24c0-.15.07-.3.19-.39L8 5.4V3H6c-1.1 0-2 .9-2 2v8c0 2.21 1.79 4 4 4h6c2.21 0 4-1.79 4-4v-3h2c1.1 0 2-.9 2-2V5c0-1.1-.9-2-2-2zm0 5h-2V5h2v3z"
          />
        </svg>
        <span
          class="linkText"
        >
          Drink
        </span>
      </a>
      <a
        class="side-item"
        href="/seasonal"
      >
        <svg
          aria-hidden="true"
          class="MuiSvgIcon-root MuiSvgIcon-fontSizeMedium css-i4bv87-MuiSvgIcon-root"
          data-testid="EventIcon"
          focusable="false"
          viewBox="0 0 24 24"
        >
          <path
            d="M17 12h-5v5h5v-5zM16 1v2H8V1H6v2H5c-1.11 0-1.99.9-1.99 2L3 19c0 1.1.89 2 2 2h14c1.1 0 2-.9 2-2V5c0-1.1-.9-2-2-2h-1V1h-2zm3 18H5V8h14v11z"
          />
        </svg>
        <span
          class="linkText"
        >
          Seasonal
        </span>
      </a>
      <a
        class="side-item"
        href="/about"
      >
        <svg
          aria-hidden="true"
          class="MuiSvgIcon-root MuiSvgIcon-fontSizeMedium css-i4bv87-MuiSvgIcon-root"
          data-testid="ExploreIcon"
          focusable="false"
          viewBox="0 0 24 24"
        >
          <path
            d="M12 10.9c-.61 0-1.1.49-1.1 1.1s.49 1.1 1.1 1.1c.61 0 1.1-.49 1.1-1.1s-.49-1.1-1.1-1.1zM12 2C6.48 2 2 6.48 2 12s4.48 10 10 10 10-4.48 10-10S17.52 2 12 2zm2.19 12.19L6 18l3.81-8.19L18 6l-3.81 8.19z"
          />
        </svg>
        <span
          class="linkText"
        >
          About
        </span>
      </a>
    </div>
  </div>,
  "debug": [Function],
  "findAllByAltText": [Function],
  "findAllByDisplayValue": [Function],
  "findAllByLabelText": [Function],
  "findAllByPlaceholderText": [Function],
  "findAllByRole": [Function],
  "findAllByTestId": [Function],
  "findAllByText": [Function],
  "findAllByTitle": [Function],
  "findByAltText": [Function],
  "findByDisplayValue": [Function],
  "findByLabelText": [Function],
  "findByPlaceholderText": [Function],
  "findByRole": [Function],
  "findByTestId": [Function],
  "findByText": [Function],
  "findByTitle": [Function],
  "getAllByAltText": [Function],
  "getAllByDisplayValue": [Function],
  "getAllByLabelText": [Function],
  "getAllByPlaceholderText": [Function],
  "getAllByRole": [Function],
  "getAllByTestId": [Function],
  "getAllByText": [Function],
  "getAllByTitle": [Function],
  "getByAltText": [Function],
  "getByDisplayValue": [Function],
  "getByLabelText": [Function],
  "getByPlaceholderText": [Function],
  "getByRole": [Function],
  "getByTestId": [Function],
  "getByText": [Function],
  "getByTitle": [Function],
  "queryAllByAltText": [Function],
  "queryAllByDisplayValue": [Function],
  "queryAllByLabelText": [Function],
  "queryAllByPlaceholderText": [Function],
  "queryAllByRole": [Function],
  "queryAllByTestId": [Function],
  "queryAllByText": [Function],
  "queryAllByTitle": [Function],
  "queryByAltText": [Function],
  "queryByDisplayValue": [Function],
  "queryByLabelText": [Function],
  "queryByPlaceholderText": [Function],
  "queryByRole": [Function],
  "queryByTestId": [Function],
  "queryByText": [Function],
  "queryByTitle": [Function],
  "rerender": [Function],
  "unmount": [Function],
}
`;
